// Jest Snapshot v1, https://goo.gl/fbAQLP

exports[`ProductPage should match the ProductPage snapshot 1`] = `
<DocumentFragment>
  <main
    style="display: flex; align-items: center; flex-direction: column;"
  >
    <h1>
      404 Error
    </h1>
    <p>
      Page not found
    </p>
  </main>
  <div
    class="toast-container bottom-0 end-0 p-3"
    style="z-index: 1; position: fixed; bottom: 0px; right: 0px;"
  />
</DocumentFragment>
`;
